<!DOCTYPE html><html lang="en"><head>
    <link rel="stylesheet" href="static/css/style.css">
</head>
<body>
About


</body></html>