<!DOCTYPE html><html lang="en"><head></head><body>
Contact
<script src="/static/js/script.js"></script>


</body></html>