<!DOCTYPE html><html lang="en"><head></head><body>
[Brackets]


</body></html>