<!DOCTYPE html><html lang="en"><head></head><body>
About


</body></html>