<!DOCTYPE html><html lang="en"><head></head><body>
Contact


</body></html>