<!DOCTYPE html><html lang="en"><head>
  <link rel="stylesheet" href="/static/css/style.css">
</head>
<body>
<a href="https://www.google.com/search?q=*">External</a>
<a href="[brackets].html">[Brackets]</a>
<a href="/about/index.html">
  <img src="/static/img/png-transparent.png">
  <img data-src="/static/img/png-transparent.png">
</a><a href="/contact/index.html">
  <img src="/static/img/png-transparent.png">
  <img data-src="/static/img/png-transparent.png">
</a><a href="/index.html">
  <img src="/static/img/png-transparent.png">
  <img data-src="/static/img/png-transparent.png">
</a>
<script src="/static/js/script.js"></script>


</body></html>